// Jest Snapshot v1, https://goo.gl/fbAQLP

exports[`stage prop types 1`] = `
{
  "children": [Function],
  "fiber": [Function],
  "height": [Function],
  "onMount": [Function],
  "onUnmount": [Function],
  "options": [Function],
  "raf": [Function],
  "renderOnComponentChange": [Function],
  "width": [Function],
}
`;

exports[`stage prop types 2`] = `
{
  "fiber": {
    "attemptContinuousHydration": [MockFunction],
    "attemptDiscreteHydration": [MockFunction],
    "attemptHydrationAtCurrentPriority": [MockFunction],
    "attemptSynchronousHydration": [MockFunction],
    "batchedUpdates": [MockFunction],
    "createComponentSelector": [MockFunction],
    "createContainer": [MockFunction],
    "createHasPseudoClassSelector": [MockFunction],
    "createHydrationContainer": [MockFunction],
    "createPortal": [MockFunction],
    "createRoleSelector": [MockFunction],
    "createTestNameSelector": [MockFunction],
    "createTextSelector": [MockFunction],
    "deferredUpdates": [MockFunction],
    "discreteUpdates": [MockFunction],
    "findAllNodes": [MockFunction],
    "findBoundingRects": [MockFunction],
    "findHostInstance": [MockFunction],
    "findHostInstanceWithNoPortals": [MockFunction],
    "findHostInstanceWithWarning": [MockFunction],
    "flushControlled": [MockFunction],
    "flushPassiveEffects": [MockFunction],
    "flushSync": [MockFunction],
    "focusWithin": [MockFunction],
    "getCurrentUpdatePriority": [MockFunction],
    "getFindAllNodesFailureDescription": [MockFunction],
    "getPublicRootInstance": [MockFunction],
    "injectIntoDevTools": [MockFunction],
    "isAlreadyRendering": [MockFunction],
    "observeVisibleRects": [MockFunction],
    "registerMutableSourceForHydration": [MockFunction],
    "runWithPriority": [MockFunction],
    "shouldError": [MockFunction],
    "shouldSuspend": [MockFunction],
    "updateContainer": [MockFunction],
  },
  "height": 600,
  "onMount": [Function],
  "onUnmount": [Function],
  "raf": true,
  "renderOnComponentChange": true,
  "width": 800,
}
`;

exports[`stage renders a canvas element 1`] = `<canvas />`;
